// Jest Snapshot v1, https://goo.gl/fbAQLP

exports[`expect to render InputTime component 1`] = `ShallowWrapper {}`;
