// Jest Snapshot v1, https://goo.gl/fbAQLP

exports[`expect to render JsonTime component 1`] = `ShallowWrapper {}`;
